// Vitest Snapshot v1, https://vitest.dev/guide/snapshot.html

exports[`should generate tools header for a single tool with single string parameter 1`] = `
"In this environment you have access to a set of tools you can use to answer the user's question.

You may call them like this:
<function_calls>
<invoke>
<tool_name>$TOOL_NAME</tool_name>
<parameters>
<$PARAMETER_NAME>$PARAMETER_VALUE</$PARAMETER_NAME>
...
</parameters>
</invoke>
</function_calls>

Here are the tools available:
<tool_description>
<tool_name>my-function</tool_name>
<description>my function description.</description>
<parameters>
<parameter>
<name>param1</name>
<type>string</type>
</parameter>
</parameters>
</tool_description>"
`;

exports[`should generate tools header for two tools with single parameter each 1`] = `
"In this environment you have access to a set of tools you can use to answer the user's question.

You may call them like this:
<function_calls>
<invoke>
<tool_name>$TOOL_NAME</tool_name>
<parameters>
<$PARAMETER_NAME>$PARAMETER_VALUE</$PARAMETER_NAME>
...
</parameters>
</invoke>
</function_calls>

Here are the tools available:
<tool_description>
<tool_name>my-function-1</tool_name>
<parameters>
<parameter>
<name>first</name>
<type>boolean</type>
</parameter>
</parameters>
</tool_description>

<tool_description>
<tool_name>my-function-2</tool_name>
<parameters>
<parameter>
<name>second</name>
<type>number</type>
</parameter>
</parameters>
</tool_description>"
`;
